// Jest Snapshot v1, https://goo.gl/fbAQLP

exports[`Login should render the login component 1`] = `
Object {
  "asFragment": [Function],
  "baseElement": <body>
    <div>
      <div
        class="flex min-h-full flex-1 flex-col justify-center px-6 py-12 lg:px-8"
      >
        <div
          class="sm:mx-auto sm:w-full sm:max-w-sm"
        >
          <img
            alt="Your Company"
            class="mx-auto w-auto"
            src="https://t3.ftcdn.net/jpg/02/90/83/56/360_F_290835671_jFAkOJOyejt4uZ0b7NvZtoNlD92L7cHh.jpg"
          />
          <h2
            class="mt-10 text-center text-2xl font-bold leading-9 tracking-tight text-gray-900"
          >
            Sign in to your account
          </h2>
        </div>
        <div
          class="mt-10 sm:mx-auto sm:w-full sm:max-w-sm"
        >
          <form
            class="space-y-6"
          >
            <div>
              <label
                class="block text-sm font-medium leading-6 text-gray-900"
                for="username"
              >
                Username
              </label>
              <div
                class="mt-2"
              >
                <input
                  class="p-4 block w-full rounded-md border-0 py-1.5 text-gray-900 shadow-sm ring-1 ring-inset ring-gray-300 placeholder:text-gray-400 focus:ring-2 focus:ring-inset focus:ring-indigo-600 sm:text-sm sm:leading-6"
                  id="username"
                  name="username"
                  required=""
                  type="username"
                  value="sarahedo"
                />
              </div>
            </div>
            <div>
              <div
                class="flex items-center justify-between"
              >
                <label
                  class="block text-sm font-medium leading-6 text-gray-900"
                  for="password"
                >
                  Password
                </label>
              </div>
              <div
                class="mt-2"
              >
                <input
                  autocomplete="current-password"
                  class="p-4 block w-full rounded-md border-0 py-1.5 text-gray-900 shadow-sm ring-1 ring-inset ring-gray-300 placeholder:text-gray-400 focus:ring-2 focus:ring-inset focus:ring-indigo-600 sm:text-sm sm:leading-6"
                  id="password"
                  name="password"
                  required=""
                  type="password"
                  value="password123"
                />
              </div>
            </div>
            <div>
              <button
                class="flex w-full justify-center rounded-md bg-indigo-600 px-3 py-1.5 text-sm font-semibold leading-6 text-white shadow-sm hover:bg-indigo-500 focus-visible:outline focus-visible:outline-2 focus-visible:outline-offset-2 focus-visible:outline-indigo-600"
                type="submit"
              >
                Sign in
              </button>
            </div>
          </form>
        </div>
      </div>
    </div>
  </body>,
  "container": <div>
    <div
      class="flex min-h-full flex-1 flex-col justify-center px-6 py-12 lg:px-8"
    >
      <div
        class="sm:mx-auto sm:w-full sm:max-w-sm"
      >
        <img
          alt="Your Company"
          class="mx-auto w-auto"
          src="https://t3.ftcdn.net/jpg/02/90/83/56/360_F_290835671_jFAkOJOyejt4uZ0b7NvZtoNlD92L7cHh.jpg"
        />
        <h2
          class="mt-10 text-center text-2xl font-bold leading-9 tracking-tight text-gray-900"
        >
          Sign in to your account
        </h2>
      </div>
      <div
        class="mt-10 sm:mx-auto sm:w-full sm:max-w-sm"
      >
        <form
          class="space-y-6"
        >
          <div>
            <label
              class="block text-sm font-medium leading-6 text-gray-900"
              for="username"
            >
              Username
            </label>
            <div
              class="mt-2"
            >
              <input
                class="p-4 block w-full rounded-md border-0 py-1.5 text-gray-900 shadow-sm ring-1 ring-inset ring-gray-300 placeholder:text-gray-400 focus:ring-2 focus:ring-inset focus:ring-indigo-600 sm:text-sm sm:leading-6"
                id="username"
                name="username"
                required=""
                type="username"
                value="sarahedo"
              />
            </div>
          </div>
          <div>
            <div
              class="flex items-center justify-between"
            >
              <label
                class="block text-sm font-medium leading-6 text-gray-900"
                for="password"
              >
                Password
              </label>
            </div>
            <div
              class="mt-2"
            >
              <input
                autocomplete="current-password"
                class="p-4 block w-full rounded-md border-0 py-1.5 text-gray-900 shadow-sm ring-1 ring-inset ring-gray-300 placeholder:text-gray-400 focus:ring-2 focus:ring-inset focus:ring-indigo-600 sm:text-sm sm:leading-6"
                id="password"
                name="password"
                required=""
                type="password"
                value="password123"
              />
            </div>
          </div>
          <div>
            <button
              class="flex w-full justify-center rounded-md bg-indigo-600 px-3 py-1.5 text-sm font-semibold leading-6 text-white shadow-sm hover:bg-indigo-500 focus-visible:outline focus-visible:outline-2 focus-visible:outline-offset-2 focus-visible:outline-indigo-600"
              type="submit"
            >
              Sign in
            </button>
          </div>
        </form>
      </div>
    </div>
  </div>,
  "debug": [Function],
  "findAllByAltText": [Function],
  "findAllByDisplayValue": [Function],
  "findAllByLabelText": [Function],
  "findAllByPlaceholderText": [Function],
  "findAllByRole": [Function],
  "findAllByTestId": [Function],
  "findAllByText": [Function],
  "findAllByTitle": [Function],
  "findByAltText": [Function],
  "findByDisplayValue": [Function],
  "findByLabelText": [Function],
  "findByPlaceholderText": [Function],
  "findByRole": [Function],
  "findByTestId": [Function],
  "findByText": [Function],
  "findByTitle": [Function],
  "getAllByAltText": [Function],
  "getAllByDisplayValue": [Function],
  "getAllByLabelText": [Function],
  "getAllByPlaceholderText": [Function],
  "getAllByRole": [Function],
  "getAllByTestId": [Function],
  "getAllByText": [Function],
  "getAllByTitle": [Function],
  "getByAltText": [Function],
  "getByDisplayValue": [Function],
  "getByLabelText": [Function],
  "getByPlaceholderText": [Function],
  "getByRole": [Function],
  "getByTestId": [Function],
  "getByText": [Function],
  "getByTitle": [Function],
  "queryAllByAltText": [Function],
  "queryAllByDisplayValue": [Function],
  "queryAllByLabelText": [Function],
  "queryAllByPlaceholderText": [Function],
  "queryAllByRole": [Function],
  "queryAllByTestId": [Function],
  "queryAllByText": [Function],
  "queryAllByTitle": [Function],
  "queryByAltText": [Function],
  "queryByDisplayValue": [Function],
  "queryByLabelText": [Function],
  "queryByPlaceholderText": [Function],
  "queryByRole": [Function],
  "queryByTestId": [Function],
  "queryByText": [Function],
  "queryByTitle": [Function],
  "rerender": [Function],
  "unmount": [Function],
}
`;
