// Jest Snapshot v1, https://goo.gl/fbAQLP

exports[`NavBar should render the component 1`] = `
Object {
  "asFragment": [Function],
  "baseElement": <body>
    <div>
      <nav
        class="bg-gray-800"
      >
        <div
          class="mx-auto max-w-7xl px-2 sm:px-6 lg:px-8"
        >
          <div
            class="relative flex h-16 items-center justify-between"
          >
            <div
              class="flex flex-1 items-center justify-center sm:items-stretch sm:justify-start"
            >
              <div
                class="hidden sm:ml-6 sm:block"
              >
                <div
                  class="flex space-x-4"
                >
                  <a
                    aria-current="page"
                    class="bg-gray-900 text-white rounded-md px-3 py-2 text-sm font-medium"
                    href="/"
                  >
                    Home
                  </a>
                  <a
                    class="text-gray-300 hover:bg-gray-700 hover:text-white rounded-md px-3 py-2 text-sm font-medium"
                    href="/leaderboard"
                  >
                    Leaderboard
                  </a>
                  <a
                    class="text-gray-300 hover:bg-gray-700 hover:text-white rounded-md px-3 py-2 text-sm font-medium"
                    href="/new"
                  >
                    New Poll
                  </a>
                  <button
                    class="text-gray-300 hover:bg-gray-700 hover:text-white rounded-md px-3 py-2 text-sm font-medium"
                  >
                    Logout
                  </button>
                </div>
              </div>
            </div>
            <div
              class="absolute inset-y-0 right-0 flex items-center pr-2 sm:static sm:inset-auto sm:ml-6 sm:pr-0"
            >
              <button
                class="rounded-full bg-gray-800 p-1 text-gray-400 hover:text-white focus:outline-none focus:ring-2 focus:ring-white focus:ring-offset-2 focus:ring-offset-gray-800"
                type="button"
              >
                <span
                  class="sr-only"
                >
                  View notifications
                </span>
                <svg
                  aria-hidden="true"
                  class="h-6 w-6"
                  fill="none"
                  stroke="currentColor"
                  stroke-width="1.5"
                  viewBox="0 0 24 24"
                >
                  <path
                    d="M14.857 17.082a23.848 23.848 0 005.454-1.31A8.967 8.967 0 0118 9.75v-.7V9A6 6 0 006 9v.75a8.967 8.967 0 01-2.312 6.022c1.733.64 3.56 1.085 5.455 1.31m5.714 0a24.255 24.255 0 01-5.714 0m5.714 0a3 3 0 11-5.714 0"
                    stroke-linecap="round"
                    stroke-linejoin="round"
                  />
                </svg>
              </button>
              <div
                class="relative ml-3"
              >
                <div>
                  <button
                    aria-expanded="false"
                    aria-haspopup="true"
                    class="flex rounded-full bg-gray-800 text-sm focus:outline-none focus:ring-2 focus:ring-white focus:ring-offset-2 focus:ring-offset-gray-800"
                    id="user-menu-button"
                    type="button"
                  >
                    <span
                      class="sr-only"
                    >
                      Open user menu
                    </span>
                    <img
                      alt=""
                      class="h-8 w-8 rounded-full"
                    />
                  </button>
                </div>
              </div>
            </div>
          </div>
        </div>
      </nav>
    </div>
  </body>,
  "container": <div>
    <nav
      class="bg-gray-800"
    >
      <div
        class="mx-auto max-w-7xl px-2 sm:px-6 lg:px-8"
      >
        <div
          class="relative flex h-16 items-center justify-between"
        >
          <div
            class="flex flex-1 items-center justify-center sm:items-stretch sm:justify-start"
          >
            <div
              class="hidden sm:ml-6 sm:block"
            >
              <div
                class="flex space-x-4"
              >
                <a
                  aria-current="page"
                  class="bg-gray-900 text-white rounded-md px-3 py-2 text-sm font-medium"
                  href="/"
                >
                  Home
                </a>
                <a
                  class="text-gray-300 hover:bg-gray-700 hover:text-white rounded-md px-3 py-2 text-sm font-medium"
                  href="/leaderboard"
                >
                  Leaderboard
                </a>
                <a
                  class="text-gray-300 hover:bg-gray-700 hover:text-white rounded-md px-3 py-2 text-sm font-medium"
                  href="/new"
                >
                  New Poll
                </a>
                <button
                  class="text-gray-300 hover:bg-gray-700 hover:text-white rounded-md px-3 py-2 text-sm font-medium"
                >
                  Logout
                </button>
              </div>
            </div>
          </div>
          <div
            class="absolute inset-y-0 right-0 flex items-center pr-2 sm:static sm:inset-auto sm:ml-6 sm:pr-0"
          >
            <button
              class="rounded-full bg-gray-800 p-1 text-gray-400 hover:text-white focus:outline-none focus:ring-2 focus:ring-white focus:ring-offset-2 focus:ring-offset-gray-800"
              type="button"
            >
              <span
                class="sr-only"
              >
                View notifications
              </span>
              <svg
                aria-hidden="true"
                class="h-6 w-6"
                fill="none"
                stroke="currentColor"
                stroke-width="1.5"
                viewBox="0 0 24 24"
              >
                <path
                  d="M14.857 17.082a23.848 23.848 0 005.454-1.31A8.967 8.967 0 0118 9.75v-.7V9A6 6 0 006 9v.75a8.967 8.967 0 01-2.312 6.022c1.733.64 3.56 1.085 5.455 1.31m5.714 0a24.255 24.255 0 01-5.714 0m5.714 0a3 3 0 11-5.714 0"
                  stroke-linecap="round"
                  stroke-linejoin="round"
                />
              </svg>
            </button>
            <div
              class="relative ml-3"
            >
              <div>
                <button
                  aria-expanded="false"
                  aria-haspopup="true"
                  class="flex rounded-full bg-gray-800 text-sm focus:outline-none focus:ring-2 focus:ring-white focus:ring-offset-2 focus:ring-offset-gray-800"
                  id="user-menu-button"
                  type="button"
                >
                  <span
                    class="sr-only"
                  >
                    Open user menu
                  </span>
                  <img
                    alt=""
                    class="h-8 w-8 rounded-full"
                  />
                </button>
              </div>
            </div>
          </div>
        </div>
      </div>
    </nav>
  </div>,
  "debug": [Function],
  "findAllByAltText": [Function],
  "findAllByDisplayValue": [Function],
  "findAllByLabelText": [Function],
  "findAllByPlaceholderText": [Function],
  "findAllByRole": [Function],
  "findAllByTestId": [Function],
  "findAllByText": [Function],
  "findAllByTitle": [Function],
  "findByAltText": [Function],
  "findByDisplayValue": [Function],
  "findByLabelText": [Function],
  "findByPlaceholderText": [Function],
  "findByRole": [Function],
  "findByTestId": [Function],
  "findByText": [Function],
  "findByTitle": [Function],
  "getAllByAltText": [Function],
  "getAllByDisplayValue": [Function],
  "getAllByLabelText": [Function],
  "getAllByPlaceholderText": [Function],
  "getAllByRole": [Function],
  "getAllByTestId": [Function],
  "getAllByText": [Function],
  "getAllByTitle": [Function],
  "getByAltText": [Function],
  "getByDisplayValue": [Function],
  "getByLabelText": [Function],
  "getByPlaceholderText": [Function],
  "getByRole": [Function],
  "getByTestId": [Function],
  "getByText": [Function],
  "getByTitle": [Function],
  "queryAllByAltText": [Function],
  "queryAllByDisplayValue": [Function],
  "queryAllByLabelText": [Function],
  "queryAllByPlaceholderText": [Function],
  "queryAllByRole": [Function],
  "queryAllByTestId": [Function],
  "queryAllByText": [Function],
  "queryAllByTitle": [Function],
  "queryByAltText": [Function],
  "queryByDisplayValue": [Function],
  "queryByLabelText": [Function],
  "queryByPlaceholderText": [Function],
  "queryByRole": [Function],
  "queryByTestId": [Function],
  "queryByText": [Function],
  "queryByTitle": [Function],
  "rerender": [Function],
  "unmount": [Function],
}
`;
